python : Creating test database for alias 'default' ('test_oss_db')...
At line:1 char:1
+ python manage.py test content.test_matching_service -v 2 2>&1 | Tee-O ...
+ ~~~~~~~~~~~~~~~~~~~~~~~~~~~~~~~~~~~~~~~~~~~~~~~~~~~~~~~~~~~~~
    + CategoryInfo          : NotSpecified: (Creating test d...est_oss_db')... 
   :String) [], RemoteException
    + FullyQualifiedErrorId : NativeCommandError
 

C:\Users\JossT\AppData\Local\Python\pythoncore-3.14-64\Lib\site-packages\django
\db\backends\postgresql\base.py:513: RuntimeWarning: Normally Django will use 
a connection to the 'postgres' database to avoid running initialization 
queries against the production database when it's not needed (for example, 
when running tests). Django was unable to create a connection to the 
'postgres' database and will use the first PostgreSQL database instead.
  warnings.warn(
Found 19 test(s).
Traceback (most recent call last):
  File "C:\Users\JossT\AppData\Local\Python\pythoncore-3.14-64\Lib\site-package
s\django\db\backends\base\base.py", line 279, in ensure_connection
    self.connect()
    ~~~~~~~~~~~~^^
  File "C:\Users\JossT\AppData\Local\Python\pythoncore-3.14-64\Lib\site-package
s\django\utils\asyncio.py", line 26, in inner
    return func(*args, **kwargs)
  File "C:\Users\JossT\AppData\Local\Python\pythoncore-3.14-64\Lib\site-package
s\django\db\backends\base\base.py", line 256, in connect
    self.connection = self.get_new_connection(conn_params)
                      ~~~~~~~~~~~~~~~~~~~~~~~^^^^^^^^^^^^^
  File "C:\Users\JossT\AppData\Local\Python\pythoncore-3.14-64\Lib\site-package
s\django\utils\asyncio.py", line 26, in inner
    return func(*args, **kwargs)
  File "C:\Users\JossT\AppData\Local\Python\pythoncore-3.14-64\Lib\site-package
s\django\db\backends\postgresql\base.py", line 333, in get_new_connection
    connection = self.Database.connect(**conn_params)
  File "C:\Users\JossT\AppData\Local\Python\pythoncore-3.14-64\Lib\site-package
s\psycopg\connection.py", line 127, in connect
    raise type(last_ex)("\n".join(lines)).with_traceback(None)
psycopg.OperationalError: connection failed: connection to server at 
"127.0.0.1", port 5432 failed: FATALE:  autenticazione con password fallita 
per l'utente "oss_user"
Multiple connection attempts failed. All failures were:
- host: 'localhost', port: '5432', hostaddr: '::1': connection failed: 
connection to server at "::1", port 5432 failed: FATALE:  autenticazione con 
password fallita per l'utente "oss_user"
- host: 'localhost', port: '5432', hostaddr: '127.0.0.1': connection failed: 
connection to server at "127.0.0.1", port 5432 failed: FATALE:  autenticazione 
con password fallita per l'utente "oss_user"

The above exception was the direct cause of the following exception:

Traceback (most recent call last):
  File "C:\Users\JossT\AppData\Local\Python\pythoncore-3.14-64\Lib\site-package
s\django\db\backends\postgresql\base.py", line 508, in _nodb_cursor
    with super()._nodb_cursor() as cursor:
         ~~~~~~~~~~~~~~~~~~~~^^
  File 
"C:\Users\JossT\AppData\Local\Python\pythoncore-3.14-64\Lib\contextlib.py", 
line 141, in __enter__
    return next(self.gen)
  File "C:\Users\JossT\AppData\Local\Python\pythoncore-3.14-64\Lib\site-package
s\django\db\backends\base\base.py", line 712, in _nodb_cursor
    with conn.cursor() as cursor:
         ~~~~~~~~~~~^^
  File "C:\Users\JossT\AppData\Local\Python\pythoncore-3.14-64\Lib\site-package
s\django\utils\asyncio.py", line 26, in inner
    return func(*args, **kwargs)
  File "C:\Users\JossT\AppData\Local\Python\pythoncore-3.14-64\Lib\site-package
s\django\db\backends\base\base.py", line 320, in cursor
    return self._cursor()
           ~~~~~~~~~~~~^^
  File "C:\Users\JossT\AppData\Local\Python\pythoncore-3.14-64\Lib\site-package
s\django\db\backends\base\base.py", line 296, in _cursor
    self.ensure_connection()
    ~~~~~~~~~~~~~~~~~~~~~~^^
  File "C:\Users\JossT\AppData\Local\Python\pythoncore-3.14-64\Lib\site-package
s\django\utils\asyncio.py", line 26, in inner
    return func(*args, **kwargs)
  File "C:\Users\JossT\AppData\Local\Python\pythoncore-3.14-64\Lib\site-package
s\django\db\backends\base\base.py", line 278, in ensure_connection
    with self.wrap_database_errors:
         ^^^^^^^^^^^^^^^^^^^^^^^^^
  File "C:\Users\JossT\AppData\Local\Python\pythoncore-3.14-64\Lib\site-package
s\django\db\utils.py", line 94, in __exit__
    raise dj_exc_value.with_traceback(traceback) from exc_value
  File "C:\Users\JossT\AppData\Local\Python\pythoncore-3.14-64\Lib\site-package
s\django\db\backends\base\base.py", line 279, in ensure_connection
    self.connect()
    ~~~~~~~~~~~~^^
  File "C:\Users\JossT\AppData\Local\Python\pythoncore-3.14-64\Lib\site-package
s\django\utils\asyncio.py", line 26, in inner
    return func(*args, **kwargs)
  File "C:\Users\JossT\AppData\Local\Python\pythoncore-3.14-64\Lib\site-package
s\django\db\backends\base\base.py", line 256, in connect
    self.connection = self.get_new_connection(conn_params)
                      ~~~~~~~~~~~~~~~~~~~~~~~^^^^^^^^^^^^^
  File "C:\Users\JossT\AppData\Local\Python\pythoncore-3.14-64\Lib\site-package
s\django\utils\asyncio.py", line 26, in inner
    return func(*args, **kwargs)
  File "C:\Users\JossT\AppData\Local\Python\pythoncore-3.14-64\Lib\site-package
s\django\db\backends\postgresql\base.py", line 333, in get_new_connection
    connection = self.Database.connect(**conn_params)
  File "C:\Users\JossT\AppData\Local\Python\pythoncore-3.14-64\Lib\site-package
s\psycopg\connection.py", line 127, in connect
    raise type(last_ex)("\n".join(lines)).with_traceback(None)
django.db.utils.OperationalError: connection failed: connection to server at 
"127.0.0.1", port 5432 failed: FATALE:  autenticazione con password fallita 
per l'utente "oss_user"
Multiple connection attempts failed. All failures were:
- host: 'localhost', port: '5432', hostaddr: '::1': connection failed: 
connection to server at "::1", port 5432 failed: FATALE:  autenticazione con 
password fallita per l'utente "oss_user"
- host: 'localhost', port: '5432', hostaddr: '127.0.0.1': connection failed: 
connection to server at "127.0.0.1", port 5432 failed: FATALE:  autenticazione 
con password fallita per l'utente "oss_user"

During handling of the above exception, another exception occurred:

Traceback (most recent call last):
  File "C:\Users\JossT\AppData\Local\Python\pythoncore-3.14-64\Lib\site-package
s\django\db\backends\base\base.py", line 279, in ensure_connection
    self.connect()
    ~~~~~~~~~~~~^^
  File "C:\Users\JossT\AppData\Local\Python\pythoncore-3.14-64\Lib\site-package
s\django\utils\asyncio.py", line 26, in inner
    return func(*args, **kwargs)
  File "C:\Users\JossT\AppData\Local\Python\pythoncore-3.14-64\Lib\site-package
s\django\db\backends\base\base.py", line 256, in connect
    self.connection = self.get_new_connection(conn_params)
                      ~~~~~~~~~~~~~~~~~~~~~~~^^^^^^^^^^^^^
  File "C:\Users\JossT\AppData\Local\Python\pythoncore-3.14-64\Lib\site-package
s\django\utils\asyncio.py", line 26, in inner
    return func(*args, **kwargs)
  File "C:\Users\JossT\AppData\Local\Python\pythoncore-3.14-64\Lib\site-package
s\django\db\backends\postgresql\base.py", line 333, in get_new_connection
    connection = self.Database.connect(**conn_params)
  File "C:\Users\JossT\AppData\Local\Python\pythoncore-3.14-64\Lib\site-package
s\psycopg\connection.py", line 127, in connect
    raise type(last_ex)("\n".join(lines)).with_traceback(None)
psycopg.OperationalError: connection failed: connection to server at 
"127.0.0.1", port 5432 failed: FATALE:  autenticazione con password fallita 
per l'utente "oss_user"
Multiple connection attempts failed. All failures were:
- host: 'localhost', port: '5432', hostaddr: '::1': connection failed: 
connection to server at "::1", port 5432 failed: FATALE:  autenticazione con 
password fallita per l'utente "oss_user"
- host: 'localhost', port: '5432', hostaddr: '127.0.0.1': connection failed: 
connection to server at "127.0.0.1", port 5432 failed: FATALE:  autenticazione 
con password fallita per l'utente "oss_user"

The above exception was the direct cause of the following exception:

Traceback (most recent call last):
  File "C:\Users\JossT\source\repos\OneStopShop\backend\manage.py", line 22, 
in <module>
    main()
    ~~~~^^
  File "C:\Users\JossT\source\repos\OneStopShop\backend\manage.py", line 18, 
in main
    execute_from_command_line(sys.argv)
    ~~~~~~~~~~~~~~~~~~~~~~~~~^^^^^^^^^^
  File "C:\Users\JossT\AppData\Local\Python\pythoncore-3.14-64\Lib\site-package
s\django\core\management\__init__.py", line 443, in execute_from_command_line
    utility.execute()
    ~~~~~~~~~~~~~~~^^
  File "C:\Users\JossT\AppData\Local\Python\pythoncore-3.14-64\Lib\site-package
s\django\core\management\__init__.py", line 437, in execute
    self.fetch_command(subcommand).run_from_argv(self.argv)
    ~~~~~~~~~~~~~~~~~~~~~~~~~~~~~~~~~~~~~~~~~~~~^^^^^^^^^^^
  File "C:\Users\JossT\AppData\Local\Python\pythoncore-3.14-64\Lib\site-package
s\django\core\management\commands\test.py", line 24, in run_from_argv
    super().run_from_argv(argv)
    ~~~~~~~~~~~~~~~~~~~~~^^^^^^
  File "C:\Users\JossT\AppData\Local\Python\pythoncore-3.14-64\Lib\site-package
s\django\core\management\base.py", line 420, in run_from_argv
    self.execute(*args, **cmd_options)
    ~~~~~~~~~~~~^^^^^^^^^^^^^^^^^^^^^^
  File "C:\Users\JossT\AppData\Local\Python\pythoncore-3.14-64\Lib\site-package
s\django\core\management\base.py", line 464, in execute
    output = self.handle(*args, **options)
  File "C:\Users\JossT\AppData\Local\Python\pythoncore-3.14-64\Lib\site-package
s\django\core\management\commands\test.py", line 63, in handle
    failures = test_runner.run_tests(test_labels)
  File "C:\Users\JossT\AppData\Local\Python\pythoncore-3.14-64\Lib\site-package
s\django\test\runner.py", line 1127, in run_tests
    old_config = self.setup_databases(
        aliases=databases,
        serialized_aliases=suite.serialized_aliases,
    )
  File "C:\Users\JossT\AppData\Local\Python\pythoncore-3.14-64\Lib\site-package
s\django\test\runner.py", line 1026, in setup_databases
    return _setup_databases(
        self.verbosity,
    ...<5 lines>...
        **kwargs,
    )
  File "C:\Users\JossT\AppData\Local\Python\pythoncore-3.14-64\Lib\site-package
s\django\test\utils.py", line 207, in setup_databases
    connection.creation.create_test_db(
    ~~~~~~~~~~~~~~~~~~~~~~~~~~~~~~~~~~^
        verbosity=verbosity,
        ^^^^^^^^^^^^^^^^^^^^
        autoclobber=not interactive,
        ^^^^^^^^^^^^^^^^^^^^^^^^^^^^
        keepdb=keepdb,
        ^^^^^^^^^^^^^^
    )
    ^
  File "C:\Users\JossT\AppData\Local\Python\pythoncore-3.14-64\Lib\site-package
s\django\db\backends\base\creation.py", line 69, in create_test_db
    self._create_test_db(verbosity, autoclobber, keepdb)
    ~~~~~~~~~~~~~~~~~~~~^^^^^^^^^^^^^^^^^^^^^^^^^^^^^^^^
  File "C:\Users\JossT\AppData\Local\Python\pythoncore-3.14-64\Lib\site-package
s\django\db\backends\base\creation.py", line 221, in _create_test_db
    with self._nodb_cursor() as cursor:
         ~~~~~~~~~~~~~~~~~^^
  File 
"C:\Users\JossT\AppData\Local\Python\pythoncore-3.14-64\Lib\contextlib.py", 
line 141, in __enter__
    return next(self.gen)
  File "C:\Users\JossT\AppData\Local\Python\pythoncore-3.14-64\Lib\site-package
s\django\db\backends\postgresql\base.py", line 534, in _nodb_cursor
    with conn.cursor() as cursor:
         ~~~~~~~~~~~^^
  File "C:\Users\JossT\AppData\Local\Python\pythoncore-3.14-64\Lib\site-package
s\django\utils\asyncio.py", line 26, in inner
    return func(*args, **kwargs)
  File "C:\Users\JossT\AppData\Local\Python\pythoncore-3.14-64\Lib\site-package
s\django\db\backends\base\base.py", line 320, in cursor
    return self._cursor()
           ~~~~~~~~~~~~^^
  File "C:\Users\JossT\AppData\Local\Python\pythoncore-3.14-64\Lib\site-package
s\django\db\backends\base\base.py", line 296, in _cursor
    self.ensure_connection()
    ~~~~~~~~~~~~~~~~~~~~~~^^
  File "C:\Users\JossT\AppData\Local\Python\pythoncore-3.14-64\Lib\site-package
s\django\utils\asyncio.py", line 26, in inner
    return func(*args, **kwargs)
  File "C:\Users\JossT\AppData\Local\Python\pythoncore-3.14-64\Lib\site-package
s\django\db\backends\base\base.py", line 278, in ensure_connection
    with self.wrap_database_errors:
         ^^^^^^^^^^^^^^^^^^^^^^^^^
  File "C:\Users\JossT\AppData\Local\Python\pythoncore-3.14-64\Lib\site-package
s\django\db\utils.py", line 94, in __exit__
    raise dj_exc_value.with_traceback(traceback) from exc_value
  File "C:\Users\JossT\AppData\Local\Python\pythoncore-3.14-64\Lib\site-package
s\django\db\backends\base\base.py", line 279, in ensure_connection
    self.connect()
    ~~~~~~~~~~~~^^
  File "C:\Users\JossT\AppData\Local\Python\pythoncore-3.14-64\Lib\site-package
s\django\utils\asyncio.py", line 26, in inner
    return func(*args, **kwargs)
  File "C:\Users\JossT\AppData\Local\Python\pythoncore-3.14-64\Lib\site-package
s\django\db\backends\base\base.py", line 256, in connect
    self.connection = self.get_new_connection(conn_params)
                      ~~~~~~~~~~~~~~~~~~~~~~~^^^^^^^^^^^^^
  File "C:\Users\JossT\AppData\Local\Python\pythoncore-3.14-64\Lib\site-package
s\django\utils\asyncio.py", line 26, in inner
    return func(*args, **kwargs)
  File "C:\Users\JossT\AppData\Local\Python\pythoncore-3.14-64\Lib\site-package
s\django\db\backends\postgresql\base.py", line 333, in get_new_connection
    connection = self.Database.connect(**conn_params)
  File "C:\Users\JossT\AppData\Local\Python\pythoncore-3.14-64\Lib\site-package
s\psycopg\connection.py", line 127, in connect
    raise type(last_ex)("\n".join(lines)).with_traceback(None)
django.db.utils.OperationalError: connection failed: connection to server at 
"127.0.0.1", port 5432 failed: FATALE:  autenticazione con password fallita 
per l'utente "oss_user"
Multiple connection attempts failed. All failures were:
- host: 'localhost', port: '5432', hostaddr: '::1': connection failed: 
connection to server at "::1", port 5432 failed: FATALE:  autenticazione con 
password fallita per l'utente "oss_user"
- host: 'localhost', port: '5432', hostaddr: '127.0.0.1': connection failed: 
connection to server at "127.0.0.1", port 5432 failed: FATALE:  autenticazione 
con password fallita per l'utente "oss_user"
